$ codesign --verify --deep --strict $BUILD_ROOT/DerivedData/Build/Products/Release/PhotoAxis.app
$ codesign -dv --verbose=4 $BUILD_ROOT/DerivedData/Build/Products/Release/PhotoAxis.app
Executable=$BUILD_ROOT/DerivedData/Build/Products/Release/PhotoAxis.app/Contents/MacOS/PhotoAxis
Identifier=local.photoaxis.development
Format=app bundle with Mach-O thin (arm64)
CodeDirectory v=20400 size=5716 flags=0x2(adhoc) hashes=168+7 location=embedded
VersionPlatform=1
VersionMin=917504
VersionSDK=1769472
Hash type=sha256 size=32
CandidateCDHash sha256=b8345a4f22c9c68a0a9d222e425bfb1ff47d113f
CandidateCDHashFull sha256=b8345a4f22c9c68a0a9d222e425bfb1ff47d113f6a69b120120fd037ad38ae9c
Hash choices=sha256
CMSDigest=b8345a4f22c9c68a0a9d222e425bfb1ff47d113f6a69b120120fd037ad38ae9c
CMSDigestType=2
Executable Segment base=0
Executable Segment limit=1523712
Executable Segment flags=0x1
Page size=16384
CDHash=b8345a4f22c9c68a0a9d222e425bfb1ff47d113f
Signature=adhoc
Info.plist entries=25
TeamIdentifier=not set
Sealed Resources version=2 rules=13 files=5
Internal requirements count=0 size=12
Total signatures=1
Chosen signature=1
$ file $BUILD_ROOT/DerivedData/Build/Products/Release/PhotoAxis.app/Contents/MacOS/PhotoAxis
$BUILD_ROOT/DerivedData/Build/Products/Release/PhotoAxis.app/Contents/MacOS/PhotoAxis: Mach-O 64-bit executable arm64
$ xcrun vtool -show-build $BUILD_ROOT/DerivedData/Build/Products/Release/PhotoAxis.app/Contents/MacOS/PhotoAxis
$BUILD_ROOT/DerivedData/Build/Products/Release/PhotoAxis.app/Contents/MacOS/PhotoAxis:
Load command 11
      cmd LC_BUILD_VERSION
  cmdsize 32
 platform MACOS
    minos 14.0
      sdk 27.0
   ntools 1
     tool LD
  version 27037.1
$ xcrun dwarfdump --uuid $BUILD_ROOT/DerivedData/Build/Products/Release/PhotoAxis.app/Contents/MacOS/PhotoAxis
UUID: 8A2E6A7C-4058-391B-A8F6-24F1BB32D380 (arm64) $BUILD_ROOT/DerivedData/Build/Products/Release/PhotoAxis.app/Contents/MacOS/PhotoAxis
$ codesign --verify --deep --strict $BUILD_ROOT/QA/Scan-Final-20261003/PhotoAxis Scan Final vi.app
$ codesign --verify --deep --strict $BUILD_ROOT/QA/Scan-Final-20261003/PhotoAxis Scan Final en.app
