$ codesign --verify --deep --strict $BUILD_ROOT/DerivedData/Build/Products/Release/PhotoAxis.app
$ codesign -dv --verbose=4 $BUILD_ROOT/DerivedData/Build/Products/Release/PhotoAxis.app
Executable=$BUILD_ROOT/DerivedData/Build/Products/Release/PhotoAxis.app/Contents/MacOS/PhotoAxis
Identifier=local.photoaxis.development
Format=app bundle with Mach-O thin (arm64)
CodeDirectory v=20400 size=5940 flags=0x2(adhoc) hashes=175+7 location=embedded
VersionPlatform=1
VersionMin=917504
VersionSDK=1769472
Hash type=sha256 size=32
CandidateCDHash sha256=338231843597fd016d9117fda809224b01a2d18d
CandidateCDHashFull sha256=338231843597fd016d9117fda809224b01a2d18d7f4d9e7596d9d44e5bea2483
Hash choices=sha256
CMSDigest=338231843597fd016d9117fda809224b01a2d18d7f4d9e7596d9d44e5bea2483
CMSDigestType=2
Executable Segment base=0
Executable Segment limit=1589248
Executable Segment flags=0x1
Page size=16384
CDHash=338231843597fd016d9117fda809224b01a2d18d
Signature=adhoc
Info.plist entries=25
TeamIdentifier=not set
Sealed Resources version=2 rules=13 files=5
Internal requirements count=0 size=12
Total signatures=1
Chosen signature=1
$ file $BUILD_ROOT/DerivedData/Build/Products/Release/PhotoAxis.app/Contents/MacOS/PhotoAxis
$BUILD_ROOT/DerivedData/Build/Products/Release/PhotoAxis.app/Contents/MacOS/PhotoAxis: Mach-O 64-bit executable arm64
$ xcrun vtool -show-build $BUILD_ROOT/DerivedData/Build/Products/Release/PhotoAxis.app/Contents/MacOS/PhotoAxis
$BUILD_ROOT/DerivedData/Build/Products/Release/PhotoAxis.app/Contents/MacOS/PhotoAxis:
Load command 11
      cmd LC_BUILD_VERSION
  cmdsize 32
 platform MACOS
    minos 14.0
      sdk 27.0
   ntools 1
     tool LD
  version 27037.1
$ xcrun dwarfdump --uuid $BUILD_ROOT/DerivedData/Build/Products/Release/PhotoAxis.app/Contents/MacOS/PhotoAxis
UUID: E9797D10-3807-344C-AE33-A172F11B04A5 (arm64) $BUILD_ROOT/DerivedData/Build/Products/Release/PhotoAxis.app/Contents/MacOS/PhotoAxis
$ codesign --verify --deep --strict $BUILD_ROOT/QA/WORKSPACE5-Final/PhotoAxis Workspace Final vi.app
$ codesign --verify --deep --strict $BUILD_ROOT/QA/WORKSPACE5-Final/PhotoAxis Workspace Final en.app
