$ codesign --verify --deep --strict $BUILD_ROOT/DerivedData/Build/Products/Release/PhotoAxis.app
$ codesign -dv --verbose=4 $BUILD_ROOT/DerivedData/Build/Products/Release/PhotoAxis.app
Executable=$BUILD_ROOT/DerivedData/Build/Products/Release/PhotoAxis.app/Contents/MacOS/PhotoAxis
Identifier=local.photoaxis.development
Format=app bundle with Mach-O thin (arm64)
CodeDirectory v=20400 size=2804 flags=0x2(adhoc) hashes=77+7 location=embedded
VersionPlatform=1
VersionMin=917504
VersionSDK=1769472
Hash type=sha256 size=32
CandidateCDHash sha256=c305ea27067de2075514ff1db0e4392476958004
CandidateCDHashFull sha256=c305ea27067de2075514ff1db0e439247695800423a91f3eae2ad8c762edd8dc
Hash choices=sha256
CMSDigest=c305ea27067de2075514ff1db0e439247695800423a91f3eae2ad8c762edd8dc
CMSDigestType=2
Executable Segment base=0
Executable Segment limit=688128
Executable Segment flags=0x1
Page size=16384
CDHash=c305ea27067de2075514ff1db0e4392476958004
Signature=adhoc
Info.plist entries=22
TeamIdentifier=not set
Sealed Resources version=2 rules=13 files=4
Internal requirements count=0 size=12
Total signatures=1
Chosen signature=1
$ file $BUILD_ROOT/DerivedData/Build/Products/Release/PhotoAxis.app/Contents/MacOS/PhotoAxis
$BUILD_ROOT/DerivedData/Build/Products/Release/PhotoAxis.app/Contents/MacOS/PhotoAxis: Mach-O 64-bit executable arm64
$ xcrun vtool -show-build $BUILD_ROOT/DerivedData/Build/Products/Release/PhotoAxis.app/Contents/MacOS/PhotoAxis
$BUILD_ROOT/DerivedData/Build/Products/Release/PhotoAxis.app/Contents/MacOS/PhotoAxis:
Load command 11
      cmd LC_BUILD_VERSION
  cmdsize 32
 platform MACOS
    minos 14.0
      sdk 27.0
   ntools 1
     tool LD
  version 27037.1
$ xcrun dwarfdump --uuid $BUILD_ROOT/DerivedData/Build/Products/Release/PhotoAxis.app/Contents/MacOS/PhotoAxis
UUID: AADE4902-CC2F-3FA1-B111-B6ECF1922A51 (arm64) $BUILD_ROOT/DerivedData/Build/Products/Release/PhotoAxis.app/Contents/MacOS/PhotoAxis
$ codesign --verify --deep --strict $BUILD_ROOT/QA/P06-verified/PhotoAxis P06 vi.app
$ xcrun dwarfdump --uuid $BUILD_ROOT/QA/P06-verified/PhotoAxis P06 vi.app/Contents/MacOS/PhotoAxis
UUID: AADE4902-CC2F-3FA1-B111-B6ECF1922A51 (arm64) $BUILD_ROOT/QA/P06-verified/PhotoAxis P06 vi.app/Contents/MacOS/PhotoAxis
