$ codesign --verify --deep --strict $BUILD_ROOT/DerivedData/Build/Products/Release/PhotoAxis.app
$ codesign -dv --verbose=4 $BUILD_ROOT/DerivedData/Build/Products/Release/PhotoAxis.app
Executable=$BUILD_ROOT/DerivedData/Build/Products/Release/PhotoAxis.app/Contents/MacOS/PhotoAxis
Identifier=local.photoaxis.development
Format=app bundle with Mach-O thin (arm64)
CodeDirectory v=20400 size=3636 flags=0x2(adhoc) hashes=103+7 location=embedded
VersionPlatform=1
VersionMin=917504
VersionSDK=1769472
Hash type=sha256 size=32
CandidateCDHash sha256=503a50ab186008f6e26b71cb9d1f45c2cb0ff17b
CandidateCDHashFull sha256=503a50ab186008f6e26b71cb9d1f45c2cb0ff17b50676fb1a6599b48772207b9
Hash choices=sha256
CMSDigest=503a50ab186008f6e26b71cb9d1f45c2cb0ff17b50676fb1a6599b48772207b9
CMSDigestType=2
Executable Segment base=0
Executable Segment limit=933888
Executable Segment flags=0x1
Page size=16384
CDHash=503a50ab186008f6e26b71cb9d1f45c2cb0ff17b
Signature=adhoc
Info.plist entries=24
TeamIdentifier=not set
Sealed Resources version=2 rules=13 files=4
Internal requirements count=0 size=12
Total signatures=1
Chosen signature=1
$ file $BUILD_ROOT/DerivedData/Build/Products/Release/PhotoAxis.app/Contents/MacOS/PhotoAxis
$BUILD_ROOT/DerivedData/Build/Products/Release/PhotoAxis.app/Contents/MacOS/PhotoAxis: Mach-O 64-bit executable arm64
$ xcrun vtool -show-build $BUILD_ROOT/DerivedData/Build/Products/Release/PhotoAxis.app/Contents/MacOS/PhotoAxis
$BUILD_ROOT/DerivedData/Build/Products/Release/PhotoAxis.app/Contents/MacOS/PhotoAxis:
Load command 11
      cmd LC_BUILD_VERSION
  cmdsize 32
 platform MACOS
    minos 14.0
      sdk 27.0
   ntools 1
     tool LD
  version 27037.1
$ xcrun dwarfdump --uuid $BUILD_ROOT/DerivedData/Build/Products/Release/PhotoAxis.app/Contents/MacOS/PhotoAxis
UUID: CDAE1493-2284-379F-9878-436CBFFE6624 (arm64) $BUILD_ROOT/DerivedData/Build/Products/Release/PhotoAxis.app/Contents/MacOS/PhotoAxis
