$ codesign --verify --deep --strict $BUILD_ROOT/DerivedData/Build/Products/Release/PhotoAxis.app

$ codesign -dv --verbose=4 $BUILD_ROOT/DerivedData/Build/Products/Release/PhotoAxis.app
Executable=$BUILD_ROOT/DerivedData/Build/Products/Release/PhotoAxis.app/Contents/MacOS/PhotoAxis
Identifier=local.photoaxis.development
Format=app bundle with Mach-O thin (arm64)
CodeDirectory v=20400 size=1652 flags=0x2(adhoc) hashes=41+7 location=embedded
VersionPlatform=1
VersionMin=917504
VersionSDK=1769472
Hash type=sha256 size=32
CandidateCDHash sha256=107952971db4d820b2909fe266a0107090f4f8fc
CandidateCDHashFull sha256=107952971db4d820b2909fe266a0107090f4f8fc9bbd43c4567e6a712f9dc78c
Hash choices=sha256
CMSDigest=107952971db4d820b2909fe266a0107090f4f8fc9bbd43c4567e6a712f9dc78c
CMSDigestType=2
Executable Segment base=0
Executable Segment limit=327680
Executable Segment flags=0x1
Page size=16384
CDHash=107952971db4d820b2909fe266a0107090f4f8fc
Signature=adhoc
Info.plist entries=22
TeamIdentifier=not set
Sealed Resources version=2 rules=13 files=3
Internal requirements count=0 size=12
Total signatures=1
Chosen signature=1

$ file $BUILD_ROOT/DerivedData/Build/Products/Release/PhotoAxis.app/Contents/MacOS/PhotoAxis
$BUILD_ROOT/DerivedData/Build/Products/Release/PhotoAxis.app/Contents/MacOS/PhotoAxis: Mach-O 64-bit executable arm64

$ xcrun vtool -show-build $BUILD_ROOT/DerivedData/Build/Products/Release/PhotoAxis.app/Contents/MacOS/PhotoAxis
$BUILD_ROOT/DerivedData/Build/Products/Release/PhotoAxis.app/Contents/MacOS/PhotoAxis:
Load command 11
      cmd LC_BUILD_VERSION
  cmdsize 32
 platform MACOS
    minos 14.0
      sdk 27.0
   ntools 1
     tool LD
  version 27037.1

$ xcrun dwarfdump --uuid $BUILD_ROOT/DerivedData/Build/Products/Release/PhotoAxis.app/Contents/MacOS/PhotoAxis
UUID: 8932F6EF-2D0C-3E90-A639-41FB916E2D7E (arm64) $BUILD_ROOT/DerivedData/Build/Products/Release/PhotoAxis.app/Contents/MacOS/PhotoAxis

$ codesign --verify --deep --strict $BUILD_ROOT/QA/P02-20260923/PhotoAxis QA Verified.app

$ xcrun dwarfdump --uuid $BUILD_ROOT/QA/P02-20260923/PhotoAxis QA Verified.app/Contents/MacOS/PhotoAxis
UUID: 8932F6EF-2D0C-3E90-A639-41FB916E2D7E (arm64) $BUILD_ROOT/QA/P02-20260923/PhotoAxis QA Verified.app/Contents/MacOS/PhotoAxis
