$ codesign --verify --deep --strict $BUILD_ROOT/DerivedData/Build/Products/Release/PhotoAxis.app
$ codesign -dv --verbose=4 $BUILD_ROOT/DerivedData/Build/Products/Release/PhotoAxis.app
Executable=$BUILD_ROOT/DerivedData/Build/Products/Release/PhotoAxis.app/Contents/MacOS/PhotoAxis
Identifier=local.photoaxis.development
Format=app bundle with Mach-O thin (arm64)
CodeDirectory v=20400 size=2804 flags=0x2(adhoc) hashes=77+7 location=embedded
VersionPlatform=1
VersionMin=917504
VersionSDK=1769472
Hash type=sha256 size=32
CandidateCDHash sha256=16357c183362deb77522b68ed756cbf57e7acbc5
CandidateCDHashFull sha256=16357c183362deb77522b68ed756cbf57e7acbc56c384581108928924c40be38
Hash choices=sha256
CMSDigest=16357c183362deb77522b68ed756cbf57e7acbc56c384581108928924c40be38
CMSDigestType=2
Executable Segment base=0
Executable Segment limit=688128
Executable Segment flags=0x1
Page size=16384
CDHash=16357c183362deb77522b68ed756cbf57e7acbc5
Signature=adhoc
Info.plist entries=22
TeamIdentifier=not set
Sealed Resources version=2 rules=13 files=4
Internal requirements count=0 size=12
Total signatures=1
Chosen signature=1
$ file $BUILD_ROOT/DerivedData/Build/Products/Release/PhotoAxis.app/Contents/MacOS/PhotoAxis
$BUILD_ROOT/DerivedData/Build/Products/Release/PhotoAxis.app/Contents/MacOS/PhotoAxis: Mach-O 64-bit executable arm64
$ xcrun vtool -show-build $BUILD_ROOT/DerivedData/Build/Products/Release/PhotoAxis.app/Contents/MacOS/PhotoAxis
$BUILD_ROOT/DerivedData/Build/Products/Release/PhotoAxis.app/Contents/MacOS/PhotoAxis:
Load command 11
      cmd LC_BUILD_VERSION
  cmdsize 32
 platform MACOS
    minos 14.0
      sdk 27.0
   ntools 1
     tool LD
  version 27037.1
$ xcrun dwarfdump --uuid $BUILD_ROOT/DerivedData/Build/Products/Release/PhotoAxis.app/Contents/MacOS/PhotoAxis
UUID: 3CCB3F2D-EF3B-358A-86DB-BCFC694AD77D (arm64) $BUILD_ROOT/DerivedData/Build/Products/Release/PhotoAxis.app/Contents/MacOS/PhotoAxis
$ codesign --verify --deep --strict $BUILD_ROOT/QA/P07/PhotoAxis P07 vi.app
$ xcrun dwarfdump --uuid $BUILD_ROOT/QA/P07/PhotoAxis P07 vi.app/Contents/MacOS/PhotoAxis
UUID: 3CCB3F2D-EF3B-358A-86DB-BCFC694AD77D (arm64) $BUILD_ROOT/QA/P07/PhotoAxis P07 vi.app/Contents/MacOS/PhotoAxis
