$ codesign --verify --deep --strict $BUILD_ROOT/DerivedData/Build/Products/Release/PhotoAxis.app
$ codesign -dv --verbose=4 $BUILD_ROOT/DerivedData/Build/Products/Release/PhotoAxis.app
Executable=$BUILD_ROOT/DerivedData/Build/Products/Release/PhotoAxis.app/Contents/MacOS/PhotoAxis
Identifier=local.photoaxis.development
Format=app bundle with Mach-O thin (arm64)
CodeDirectory v=20400 size=2900 flags=0x2(adhoc) hashes=80+7 location=embedded
VersionPlatform=1
VersionMin=917504
VersionSDK=1769472
Hash type=sha256 size=32
CandidateCDHash sha256=fc465d198f118f137d181db054bf19996bec7c0d
CandidateCDHashFull sha256=fc465d198f118f137d181db054bf19996bec7c0db0613a631d77892ec7d47efa
Hash choices=sha256
CMSDigest=fc465d198f118f137d181db054bf19996bec7c0db0613a631d77892ec7d47efa
CMSDigestType=2
Executable Segment base=0
Executable Segment limit=720896
Executable Segment flags=0x1
Page size=16384
CDHash=fc465d198f118f137d181db054bf19996bec7c0d
Signature=adhoc
Info.plist entries=22
TeamIdentifier=not set
Sealed Resources version=2 rules=13 files=4
Internal requirements count=0 size=12
Total signatures=1
Chosen signature=1
$ file $BUILD_ROOT/DerivedData/Build/Products/Release/PhotoAxis.app/Contents/MacOS/PhotoAxis
$BUILD_ROOT/DerivedData/Build/Products/Release/PhotoAxis.app/Contents/MacOS/PhotoAxis: Mach-O 64-bit executable arm64
$ xcrun vtool -show-build $BUILD_ROOT/DerivedData/Build/Products/Release/PhotoAxis.app/Contents/MacOS/PhotoAxis
$BUILD_ROOT/DerivedData/Build/Products/Release/PhotoAxis.app/Contents/MacOS/PhotoAxis:
Load command 11
      cmd LC_BUILD_VERSION
  cmdsize 32
 platform MACOS
    minos 14.0
      sdk 27.0
   ntools 1
     tool LD
  version 27037.1
$ xcrun dwarfdump --uuid $BUILD_ROOT/DerivedData/Build/Products/Release/PhotoAxis.app/Contents/MacOS/PhotoAxis
UUID: FF8AFACD-DEAE-3E9C-A849-DF55BFE9834C (arm64) $BUILD_ROOT/DerivedData/Build/Products/Release/PhotoAxis.app/Contents/MacOS/PhotoAxis
$ codesign --verify --deep --strict $BUILD_ROOT/QA/P08/PhotoAxis P08 en verified.app
$ xcrun dwarfdump --uuid $BUILD_ROOT/QA/P08/PhotoAxis P08 en verified.app/Contents/MacOS/PhotoAxis
UUID: FF8AFACD-DEAE-3E9C-A849-DF55BFE9834C (arm64) $BUILD_ROOT/QA/P08/PhotoAxis P08 en verified.app/Contents/MacOS/PhotoAxis
