$ codesign --verify --deep --strict $BUILD_ROOT/DerivedData/Build/Products/Release/PhotoAxis.app
$ codesign -dv --verbose=4 $BUILD_ROOT/DerivedData/Build/Products/Release/PhotoAxis.app
Executable=$BUILD_ROOT/DerivedData/Build/Products/Release/PhotoAxis.app/Contents/MacOS/PhotoAxis
Identifier=local.photoaxis.development
Format=app bundle with Mach-O thin (arm64)
CodeDirectory v=20400 size=3284 flags=0x2(adhoc) hashes=92+7 location=embedded
VersionPlatform=1
VersionMin=917504
VersionSDK=1769472
Hash type=sha256 size=32
CandidateCDHash sha256=26416b768339bc84b9756dffc39aad175afe6e8b
CandidateCDHashFull sha256=26416b768339bc84b9756dffc39aad175afe6e8b315b37a9e253ff59106f7bcb
Hash choices=sha256
CMSDigest=26416b768339bc84b9756dffc39aad175afe6e8b315b37a9e253ff59106f7bcb
CMSDigestType=2
Executable Segment base=0
Executable Segment limit=835584
Executable Segment flags=0x1
Page size=16384
CDHash=26416b768339bc84b9756dffc39aad175afe6e8b
Signature=adhoc
Info.plist entries=24
TeamIdentifier=not set
Sealed Resources version=2 rules=13 files=4
Internal requirements count=0 size=12
Total signatures=1
Chosen signature=1
$ file $BUILD_ROOT/DerivedData/Build/Products/Release/PhotoAxis.app/Contents/MacOS/PhotoAxis
$BUILD_ROOT/DerivedData/Build/Products/Release/PhotoAxis.app/Contents/MacOS/PhotoAxis: Mach-O 64-bit executable arm64
$ xcrun vtool -show-build $BUILD_ROOT/DerivedData/Build/Products/Release/PhotoAxis.app/Contents/MacOS/PhotoAxis
$BUILD_ROOT/DerivedData/Build/Products/Release/PhotoAxis.app/Contents/MacOS/PhotoAxis:
Load command 11
      cmd LC_BUILD_VERSION
  cmdsize 32
 platform MACOS
    minos 14.0
      sdk 27.0
   ntools 1
     tool LD
  version 27037.1
$ xcrun dwarfdump --uuid $BUILD_ROOT/DerivedData/Build/Products/Release/PhotoAxis.app/Contents/MacOS/PhotoAxis
UUID: 9276AE5B-1BEB-3158-9673-D0CE6F517799 (arm64) $BUILD_ROOT/DerivedData/Build/Products/Release/PhotoAxis.app/Contents/MacOS/PhotoAxis
$ codesign --verify --deep --strict $BUILD_ROOT/QA/P10/PhotoAxis P10 vi verified.app
$ codesign --verify --deep --strict $BUILD_ROOT/QA/P10/PhotoAxis P10 en verified.app
