--prepared:<BUILD_ROOT>/DerivedData/Build/Products/Release/PhotoAxis.app/Contents/Frameworks/PhotoAxisCore.framework/Versions/Current/.
--validated:<BUILD_ROOT>/DerivedData/Build/Products/Release/PhotoAxis.app/Contents/Frameworks/PhotoAxisCore.framework/Versions/Current/.
<BUILD_ROOT>/DerivedData/Build/Products/Release/PhotoAxis.app: valid on disk
<BUILD_ROOT>/DerivedData/Build/Products/Release/PhotoAxis.app: satisfies its Designated Requirement
Executable=<BUILD_ROOT>/DerivedData/Build/Products/Release/PhotoAxis.app/Contents/MacOS/PhotoAxis
Identifier=local.photoaxis.development
Format=app bundle with Mach-O thin (arm64)
CodeDirectory v=20400 size=532 flags=0x2(adhoc) hashes=6+7 location=embedded
Signature=adhoc
Info.plist entries=22
TeamIdentifier=not set
Sealed Resources version=2 rules=13 files=3
Internal requirements count=0 size=12
Total signatures=1
Chosen signature=1
<BUILD_ROOT>/DerivedData/Build/Products/Release/PhotoAxis.app/Contents/MacOS/PhotoAxis:
Load command 11
      cmd LC_BUILD_VERSION
  cmdsize 32
 platform MACOS
    minos 14.0
      sdk 27.0
   ntools 1
     tool LD
  version 27037.1
