Command line invocation:
    /Applications/Xcode.app/Contents/Developer/usr/bin/xcodebuild -project PhotoAxis.xcodeproj -scheme PhotoAxis -configuration Release -destination platform=macOS,arch=arm64 -derivedDataPath <BUILD_ROOT>/DerivedData CODE_SIGN_IDENTITY=- DEVELOPMENT_TEAM= build

Build settings from command line:
    CODE_SIGN_IDENTITY = -
    DEVELOPMENT_TEAM =

note: Using codesigning identity override: -
ComputePackagePrebuildTargetDependencyGraph

Prepare packages

CreateBuildRequest

SendProjectDescription

CreateBuildOperation

ComputeTargetDependencyGraph
note: Building targets in dependency order
note: Target dependency graph (2 targets)
    Target 'PhotoAxis' in project 'PhotoAxis'
        ➜ Explicit dependency on target 'PhotoAxisCore' in project 'PhotoAxis'
    Target 'PhotoAxisCore' in project 'PhotoAxis' (no dependencies)

GatherProvisioningInputs

CreateBuildDescription

ExecuteExternalTool /Applications/Xcode.app/Contents/Developer/Toolchains/XcodeDefault.xctoolchain/usr/bin/swiftc --version

ExecuteExternalTool /Applications/Xcode.app/Contents/Developer/Toolchains/XcodeDefault.xctoolchain/usr/bin/clang -v -E -dM -isysroot /Applications/Xcode.app/Contents/Developer/Platforms/MacOSX.platform/Developer/SDKs/MacOSX27.0.sdk -x c -c /dev/null

ExecuteExternalTool /Applications/Xcode.app/Contents/Developer/Toolchains/XcodeDefault.xctoolchain/usr/bin/ld -version_details

Build description signature: 057657c36f132cfec7ec882c32e5e2de
Build description path: <BUILD_ROOT>/DerivedData/Build/Intermediates.noindex/XCBuildData/057657c36f132cfec7ec882c32e5e2de.xcbuilddata
ClangStatCache /Applications/Xcode.app/Contents/Developer/Toolchains/XcodeDefault.xctoolchain/usr/bin/clang-stat-cache /Applications/Xcode.app/Contents/Developer/Platforms/MacOSX.platform/Developer/SDKs/MacOSX27.0.sdk <BUILD_ROOT>/DerivedData/SDKStatCaches.noindex/macosx27.0-26A425-7231f6df4def33e022ae2eb8f782df1a.sdkstatcache
    cd <REPO>/PhotoAxis.xcodeproj
    /Applications/Xcode.app/Contents/Developer/Toolchains/XcodeDefault.xctoolchain/usr/bin/clang-stat-cache /Applications/Xcode.app/Contents/Developer/Platforms/MacOSX.platform/Developer/SDKs/MacOSX27.0.sdk -o <BUILD_ROOT>/DerivedData/SDKStatCaches.noindex/macosx27.0-26A425-7231f6df4def33e022ae2eb8f782df1a.sdkstatcache

ProcessInfoPlistFile <BUILD_ROOT>/DerivedData/Build/Products/Release/PhotoAxisCore.framework/Versions/A/Resources/Info.plist <BUILD_ROOT>/DerivedData/Build/Intermediates.noindex/PhotoAxis.build/Release/PhotoAxisCore.build/empty-PhotoAxisCore.plist (in target 'PhotoAxisCore' from project 'PhotoAxis')
    cd <REPO>
    builtin-infoPlistUtility <BUILD_ROOT>/DerivedData/Build/Intermediates.noindex/PhotoAxis.build/Release/PhotoAxisCore.build/empty-PhotoAxisCore.plist -producttype com.apple.product-type.framework -expandbuildsettings -platform macosx -o <BUILD_ROOT>/DerivedData/Build/Products/Release/PhotoAxisCore.framework/Versions/A/Resources/Info.plist

CodeSign <BUILD_ROOT>/DerivedData/Build/Products/Release/PhotoAxisCore.framework/Versions/A (in target 'PhotoAxisCore' from project 'PhotoAxis')
    cd <REPO>

    Signing Identity:     "Sign to Run Locally"

    /usr/bin/codesign --force --sign - --timestamp\=none --generate-entitlement-der <BUILD_ROOT>/DerivedData/Build/Products/Release/PhotoAxisCore.framework/Versions/A
<BUILD_ROOT>/DerivedData/Build/Products/Release/PhotoAxisCore.framework/Versions/A: replacing existing signature

Copy <BUILD_ROOT>/DerivedData/Build/Products/Release/PhotoAxis.app/Contents/Frameworks/PhotoAxisCore.framework <BUILD_ROOT>/DerivedData/Build/Products/Release/PhotoAxisCore.framework (in target 'PhotoAxis' from project 'PhotoAxis')
    cd <REPO>
    builtin-copy -exclude .DS_Store -exclude CVS -exclude .svn -exclude .git -exclude .hg -exclude Headers -exclude PrivateHeaders -exclude Modules -exclude \*.tbd -strip-unsigned-binaries -strip-deterministic -strip-tool /Applications/Xcode.app/Contents/Developer/Toolchains/XcodeDefault.xctoolchain/usr/bin/strip -resolve-src-symlinks -remove-static-executable <BUILD_ROOT>/DerivedData/Build/Products/Release/PhotoAxisCore.framework <BUILD_ROOT>/DerivedData/Build/Products/Release/PhotoAxis.app/Contents/Frameworks
warning: not stripping binary because it is signed: <BUILD_ROOT>/DerivedData/Build/Products/Release/PhotoAxisCore.framework/Versions/A/PhotoAxisCore (in target 'PhotoAxis' from project 'PhotoAxis')

ProcessInfoPlistFile <BUILD_ROOT>/DerivedData/Build/Products/Release/PhotoAxis.app/Contents/Info.plist <REPO>/Config/Info.plist (in target 'PhotoAxis' from project 'PhotoAxis')
    cd <REPO>
    builtin-infoPlistUtility <REPO>/Config/Info.plist -producttype com.apple.product-type.application -genpkginfo <BUILD_ROOT>/DerivedData/Build/Products/Release/PhotoAxis.app/Contents/PkgInfo -expandbuildsettings -platform macosx -scanforprivacyfile <BUILD_ROOT>/DerivedData/Build/Products/Release/PhotoAxis.app/Contents/Frameworks/PhotoAxisCore.framework -o <BUILD_ROOT>/DerivedData/Build/Products/Release/PhotoAxis.app/Contents/Info.plist

CodeSign <BUILD_ROOT>/DerivedData/Build/Products/Release/PhotoAxis.app/Contents/Frameworks/PhotoAxisCore.framework/Versions/A (in target 'PhotoAxis' from project 'PhotoAxis')
    cd <REPO>

    Signing Identity:     "Sign to Run Locally"

    /usr/bin/codesign --force --sign - --timestamp\=none --preserve-metadata\=identifier,entitlements,flags --generate-entitlement-der <BUILD_ROOT>/DerivedData/Build/Products/Release/PhotoAxis.app/Contents/Frameworks/PhotoAxisCore.framework/Versions/A
<BUILD_ROOT>/DerivedData/Build/Products/Release/PhotoAxis.app/Contents/Frameworks/PhotoAxisCore.framework/Versions/A: replacing existing signature

CopySwiftLibs <BUILD_ROOT>/DerivedData/Build/Products/Release/PhotoAxis.app (in target 'PhotoAxis' from project 'PhotoAxis')
    cd <REPO>
    builtin-swiftStdLibTool --copy --verbose --sign - --scan-executable <BUILD_ROOT>/DerivedData/Build/Products/Release/PhotoAxis.app/Contents/MacOS/PhotoAxis --scan-folder <BUILD_ROOT>/DerivedData/Build/Products/Release/PhotoAxis.app/Contents/Frameworks --scan-folder <BUILD_ROOT>/DerivedData/Build/Products/Release/PhotoAxis.app/Contents/PlugIns --scan-folder <BUILD_ROOT>/DerivedData/Build/Products/Release/PhotoAxis.app/Contents/Library/SystemExtensions --scan-folder <BUILD_ROOT>/DerivedData/Build/Products/Release/PhotoAxis.app/Contents/Extensions --scan-folder <BUILD_ROOT>/DerivedData/Build/Products/Release/PhotoAxisCore.framework --platform macosx --toolchain /Applications/Xcode.app/Contents/Developer/Toolchains/XcodeDefault.xctoolchain --destination <BUILD_ROOT>/DerivedData/Build/Products/Release/PhotoAxis.app/Contents/Frameworks --strip-bitcode --strip-bitcode-tool /Applications/Xcode.app/Contents/Developer/Toolchains/XcodeDefault.xctoolchain/usr/bin/bitcode_strip --emit-dependency-info <BUILD_ROOT>/DerivedData/Build/Intermediates.noindex/PhotoAxis.build/Release/PhotoAxis.build/SwiftStdLibToolInputDependencies.dep --filter-for-swift-os --back-deploy-swift-span

CodeSign <BUILD_ROOT>/DerivedData/Build/Products/Release/PhotoAxis.app (in target 'PhotoAxis' from project 'PhotoAxis')
    cd <REPO>

    Signing Identity:     "Sign to Run Locally"

    /usr/bin/codesign --force --sign - --entitlements <BUILD_ROOT>/DerivedData/Build/Intermediates.noindex/PhotoAxis.build/Release/PhotoAxis.build/PhotoAxis.app.xcent --timestamp\=none --generate-entitlement-der <BUILD_ROOT>/DerivedData/Build/Products/Release/PhotoAxis.app
<BUILD_ROOT>/DerivedData/Build/Products/Release/PhotoAxis.app: replacing existing signature

Validate <BUILD_ROOT>/DerivedData/Build/Products/Release/PhotoAxis.app (in target 'PhotoAxis' from project 'PhotoAxis')
    cd <REPO>
    builtin-validationUtility <BUILD_ROOT>/DerivedData/Build/Products/Release/PhotoAxis.app -no-validate-extension -infoplist-subpath Contents/Info.plist

RegisterWithLaunchServices <BUILD_ROOT>/DerivedData/Build/Products/Release/PhotoAxis.app (in target 'PhotoAxis' from project 'PhotoAxis')
    cd <REPO>
    builtin-lsregisterurl --record-path <BUILD_ROOT>/DerivedData/Build/Intermediates.noindex/XCBuildData/registered-launchservices.txt -- /System/Library/Frameworks/CoreServices.framework/Versions/Current/Frameworks/LaunchServices.framework/Versions/Current/Support/lsregister -f -R -trusted <BUILD_ROOT>/DerivedData/Build/Products/Release/PhotoAxis.app

PruneExplicitPrecompiledModules <BUILD_ROOT>/DerivedData/Build/Intermediates.noindex/ExplicitPrecompiledModules

PruneExplicitPrecompiledModules <BUILD_ROOT>/DerivedData/SDKExplicitPrecompiledModules

PruneExplicitPrecompiledModules <BUILD_ROOT>/DerivedData/Build/Intermediates.noindex/SwiftExplicitPrecompiledModules

** BUILD SUCCEEDED **

App: <BUILD_ROOT>/DerivedData/Build/Products/Release/PhotoAxis.app
